
===========================================================================
 report_power
============================================================================
======================= Fastest Corner ===================================

Group                  Internal  Switching    Leakage      Total
                          Power      Power      Power      Power (Watts)
----------------------------------------------------------------
Sequential             6.94e-03   1.11e-03   1.74e-06   8.05e-03  35.2%
Combinational          5.07e-03   5.98e-03   9.98e-08   1.11e-02  48.3%
Clock                  1.58e-03   2.19e-03   2.54e-08   3.77e-03  16.5%
Macro                  0.00e+00   0.00e+00   0.00e+00   0.00e+00   0.0%
Pad                    0.00e+00   0.00e+00   0.00e+00   0.00e+00   0.0%
----------------------------------------------------------------
Total                  1.36e-02   9.28e-03   1.86e-06   2.29e-02 100.0%
                          59.4%      40.6%       0.0%

======================= Slowest Corner ===================================

Group                  Internal  Switching    Leakage      Total
                          Power      Power      Power      Power (Watts)
----------------------------------------------------------------
Sequential             4.65e-03   7.22e-04   4.03e-05   5.41e-03  34.7%
Combinational          3.63e-03   3.93e-03   5.46e-05   7.62e-03  48.9%
Clock                  1.13e-03   1.42e-03   3.83e-06   2.55e-03  16.4%
Macro                  0.00e+00   0.00e+00   0.00e+00   0.00e+00   0.0%
Pad                    0.00e+00   0.00e+00   0.00e+00   0.00e+00   0.0%
----------------------------------------------------------------
Total                  9.41e-03   6.07e-03   9.88e-05   1.56e-02 100.0%
                          60.4%      39.0%       0.6%

======================= Typical Corner ===================================

Group                  Internal  Switching    Leakage      Total
                          Power      Power      Power      Power (Watts)
----------------------------------------------------------------
Sequential             5.99e-03   9.27e-04   1.73e-06   6.92e-03  35.2%
Combinational          4.51e-03   5.04e-03   4.26e-08   9.54e-03  48.5%
Clock                  1.38e-03   1.83e-03   1.67e-08   3.21e-03  16.3%
Macro                  0.00e+00   0.00e+00   0.00e+00   0.00e+00   0.0%
Pad                    0.00e+00   0.00e+00   0.00e+00   0.00e+00   0.0%
----------------------------------------------------------------
Total                  1.19e-02   7.80e-03   1.79e-06   1.97e-02 100.0%
                          60.4%      39.6%       0.0%

