
===========================================================================
 report_power
============================================================================
======================= Fastest Corner ===================================

Group                  Internal  Switching    Leakage      Total
                          Power      Power      Power      Power (Watts)
----------------------------------------------------------------
Sequential             6.94e-03   1.06e-03   1.74e-06   8.00e-03  35.8%
Combinational          5.07e-03   5.59e-03   9.98e-08   1.07e-02  47.7%
Clock                  1.58e-03   2.10e-03   2.54e-08   3.68e-03  16.5%
Macro                  0.00e+00   0.00e+00   0.00e+00   0.00e+00   0.0%
Pad                    0.00e+00   0.00e+00   0.00e+00   0.00e+00   0.0%
----------------------------------------------------------------
Total                  1.36e-02   8.75e-03   1.86e-06   2.23e-02 100.0%
                          60.8%      39.2%       0.0%

======================= Slowest Corner ===================================

Group                  Internal  Switching    Leakage      Total
                          Power      Power      Power      Power (Watts)
----------------------------------------------------------------
Sequential             4.65e-03   6.88e-04   4.03e-05   5.38e-03  35.3%
Combinational          3.63e-03   3.67e-03   5.46e-05   7.35e-03  48.3%
Clock                  1.13e-03   1.36e-03   3.83e-06   2.49e-03  16.4%
Macro                  0.00e+00   0.00e+00   0.00e+00   0.00e+00   0.0%
Pad                    0.00e+00   0.00e+00   0.00e+00   0.00e+00   0.0%
----------------------------------------------------------------
Total                  9.41e-03   5.71e-03   9.88e-05   1.52e-02 100.0%
                          61.8%      37.5%       0.6%

======================= Typical Corner ===================================

Group                  Internal  Switching    Leakage      Total
                          Power      Power      Power      Power (Watts)
----------------------------------------------------------------
Sequential             5.99e-03   8.84e-04   1.73e-06   6.88e-03  35.8%
Combinational          4.50e-03   4.70e-03   4.26e-08   9.21e-03  47.9%
Clock                  1.38e-03   1.76e-03   1.67e-08   3.14e-03  16.3%
Macro                  0.00e+00   0.00e+00   0.00e+00   0.00e+00   0.0%
Pad                    0.00e+00   0.00e+00   0.00e+00   0.00e+00   0.0%
----------------------------------------------------------------
Total                  1.19e-02   7.35e-03   1.79e-06   1.92e-02 100.0%
                          61.8%      38.2%       0.0%

